/servers => /basePath
/servers/0 => /basePath
/openapi => /swagger
/info => /info
/info/version => /info/version
/info/title => /info/title
/info/description => /info/description
/paths => /paths
/paths/~1v1~1bodytest1 => /paths/~1v1~1bodytest1
/paths/~1v1~1bodytest1/post => /paths/~1v1~1bodytest1/post
/paths/~1v1~1bodytest1/post/operationId => /paths/~1v1~1bodytest1/post/operationId
/paths/~1v1~1bodytest1/post/summary => /paths/~1v1~1bodytest1/post/summary
/paths/~1v1~1bodytest1/post/description => /paths/~1v1~1bodytest1/post/description
/paths/~1v1~1bodytest1/post/requestBody => /parameters/BodyParam1
/paths/~1v1~1bodytest1/post/requestBody/required => /parameters/BodyParam1/required
/paths/~1v1~1bodytest1/post/requestBody/description => /parameters/BodyParam1/description
/paths/~1v1~1bodytest1/post/requestBody/x-ms-requestBody-name => /parameters/BodyParam1/name
/paths/~1v1~1bodytest1/post/requestBody/content => /parameters/BodyParam1
/paths/~1v1~1bodytest1/post/requestBody/content/application~1json => /parameters/BodyParam1
/paths/~1v1~1bodytest1/post/requestBody/content/application~1json/schema => /parameters/BodyParam1
/paths/~1v1~1bodytest1/post/requestBody/content/application~1json/schema/$ref => /BodyParam1/schema/$ref
/paths/~1v1~1bodytest1/post/requestBody/x-alternate-name => /BodyParam1/x-alternate-name
/paths/~1v1~1bodytest1/post/requestBody/x-test-property => /BodyParam1/x-test-property
/paths/~1v1~1bodytest1/post/responses => /paths/~1v1~1bodytest1/post/responses
/paths/~1v1~1bodytest1/post/responses/201 => /paths/~1v1~1bodytest1/post/responses/201
/paths/~1v1~1bodytest1/post/responses/201/description => /paths/~1v1~1bodytest1/post/responses/201
/paths/~1v1~1bodytest1/post/responses/400 => /paths/~1v1~1bodytest1/post/responses/400
/paths/~1v1~1bodytest1/post/responses/400/description => /paths/~1v1~1bodytest1/post/responses/400
/paths/~1v1~1bodytest2 => /paths/~1v1~1bodytest2
/paths/~1v1~1bodytest2/post => /paths/~1v1~1bodytest2/post
/paths/~1v1~1bodytest2/post/operationId => /paths/~1v1~1bodytest2/post/operationId
/paths/~1v1~1bodytest2/post/summary => /paths/~1v1~1bodytest2/post/summary
/paths/~1v1~1bodytest2/post/description => /paths/~1v1~1bodytest2/post/description
/paths/~1v1~1bodytest2/post/requestBody => /paths/~1v1~1bodytest2/post/parameters/0
/paths/~1v1~1bodytest2/post/requestBody/required => /paths/~1v1~1bodytest2/post/parameters/0/required
/paths/~1v1~1bodytest2/post/requestBody/description => /paths/~1v1~1bodytest2/post/parameters/0/description
/paths/~1v1~1bodytest2/post/requestBody/x-ms-requestBody-name => /paths/~1v1~1bodytest2/post/parameters/0/name
/paths/~1v1~1bodytest2/post/requestBody/content => /paths/~1v1~1bodytest2/post/parameters/0
/paths/~1v1~1bodytest2/post/requestBody/content/application~1json => /paths/~1v1~1bodytest2/post/parameters/0
/paths/~1v1~1bodytest2/post/requestBody/content/application~1json/schema => /paths/~1v1~1bodytest2/post/parameters/0
/paths/~1v1~1bodytest2/post/requestBody/content/application~1json/schema/$ref => /paths/~1v1~1bodytest2/post/parameters/0/schema/$ref
/paths/~1v1~1bodytest2/post/responses => /paths/~1v1~1bodytest2/post/responses
/paths/~1v1~1bodytest2/post/responses/201 => /paths/~1v1~1bodytest2/post/responses/201
/paths/~1v1~1bodytest2/post/responses/201/description => /paths/~1v1~1bodytest2/post/responses/201
/paths/~1v1~1bodytest2/post/responses/400 => /paths/~1v1~1bodytest2/post/responses/400
/paths/~1v1~1bodytest2/post/responses/400/description => /paths/~1v1~1bodytest2/post/responses/400
/paths/~1v1~1formtest1 => /paths/~1v1~1formtest1
/paths/~1v1~1formtest1/post => /paths/~1v1~1formtest1/post
/paths/~1v1~1formtest1/post/operationId => /paths/~1v1~1formtest1/post/operationId
/paths/~1v1~1formtest1/post/summary => /paths/~1v1~1formtest1/post/summary
/paths/~1v1~1formtest1/post/description => /paths/~1v1~1formtest1/post/description
/paths/~1v1~1formtest1/post/requestBody => /parameters/FormParam1
/paths/~1v1~1formtest1/post/requestBody/description => /parameters/FormParam1/description
/paths/~1v1~1formtest1/post/requestBody/x-ms-requestBody-name => /parameters/FormParam1/name
/paths/~1v1~1formtest1/post/requestBody/content => /parameters/FormParam1
/paths/~1v1~1formtest1/post/requestBody/content/multipart~1form-data => /parameters/FormParam1
/paths/~1v1~1formtest1/post/requestBody/content/multipart~1form-data/schema => /parameters/FormParam1
/paths/~1v1~1formtest1/post/requestBody/content/multipart~1form-data/schema/type => /parameters/FormParam1
/paths/~1v1~1formtest1/post/requestBody/content/multipart~1form-data/schema/properties => /parameters/FormParam1
/paths/~1v1~1formtest1/post/requestBody/content/multipart~1form-data/schema/properties/form_part_1 => /parameters/FormParam1
/paths/~1v1~1formtest1/post/requestBody/content/multipart~1form-data/schema/properties/form_part_1/description => /parameters/FormParam1
/paths/~1v1~1formtest1/post/requestBody/content/multipart~1form-data/schema/properties/form_part_1/type => /parameters/FormParam1
/paths/~1v1~1formtest1/post/requestBody/content/multipart~1form-data/schema/properties/form_part_1/format => /parameters/FormParam1
/paths/~1v1~1formtest1/post/requestBody/content/multipart~1form-data/schema/required => /parameters/FormParam1
/paths/~1v1~1formtest1/post/requestBody/content/multipart~1form-data/schema/properties/form_part_1/x-file-content-types => /FormParam1/x-file-content-types
/paths/~1v1~1formtest1/post/requestBody/content/multipart~1form-data/schema/properties/form_part_1/x-include-filename => /FormParam1/x-include-filename
/paths/~1v1~1formtest1/post/requestBody/content/multipart~1form-data/schema/properties/form_part_1/x-alternate-name => /FormParam1/x-alternate-name
/paths/~1v1~1formtest1/post/requestBody/content/multipart~1form-data/schema/properties/form_part_2 => /parameters/FormParam2
/paths/~1v1~1formtest1/post/requestBody/content/multipart~1form-data/schema/properties/form_part_2/description => /parameters/FormParam2
/paths/~1v1~1formtest1/post/requestBody/content/multipart~1form-data/schema/properties/form_part_2/type => /parameters/FormParam2
/paths/~1v1~1formtest1/post/requestBody/content/multipart~1form-data/schema/properties/form_part_2/x-test-property => /FormParam2/x-test-property
/paths/~1v1~1formtest1/post/requestBody/content/multipart~1form-data/schema/properties/form_part_2/x-alternate-name => /FormParam2/x-alternate-name
/paths/~1v1~1formtest1/post/responses => /paths/~1v1~1formtest1/post/responses
/paths/~1v1~1formtest1/post/responses/201 => /paths/~1v1~1formtest1/post/responses/201
/paths/~1v1~1formtest1/post/responses/201/description => /paths/~1v1~1formtest1/post/responses/201
/paths/~1v1~1formtest1/post/responses/400 => /paths/~1v1~1formtest1/post/responses/400
/paths/~1v1~1formtest1/post/responses/400/description => /paths/~1v1~1formtest1/post/responses/400
/paths/~1v1~1formtest2 => /paths/~1v1~1formtest2
/paths/~1v1~1formtest2/post => /paths/~1v1~1formtest2/post
/paths/~1v1~1formtest2/post/operationId => /paths/~1v1~1formtest2/post/operationId
/paths/~1v1~1formtest2/post/summary => /paths/~1v1~1formtest2/post/summary
/paths/~1v1~1formtest2/post/description => /paths/~1v1~1formtest2/post/description
/paths/~1v1~1formtest2/post/requestBody => /paths/~1v1~1formtest2/post/parameters/0
/paths/~1v1~1formtest2/post/requestBody/description => /paths/~1v1~1formtest2/post/parameters/0/description
/paths/~1v1~1formtest2/post/requestBody/x-ms-requestBody-name => /paths/~1v1~1formtest2/post/parameters/0/name
/paths/~1v1~1formtest2/post/requestBody/content => /paths/~1v1~1formtest2/post/parameters/0
/paths/~1v1~1formtest2/post/requestBody/content/multipart~1form-data => /paths/~1v1~1formtest2/post/parameters/0
/paths/~1v1~1formtest2/post/requestBody/content/multipart~1form-data/schema => /paths/~1v1~1formtest2/post/parameters/0
/paths/~1v1~1formtest2/post/requestBody/content/multipart~1form-data/schema/type => /paths/~1v1~1formtest2/post/parameters/0
/paths/~1v1~1formtest2/post/requestBody/content/multipart~1form-data/schema/properties => /paths/~1v1~1formtest2/post/parameters/0
/paths/~1v1~1formtest2/post/requestBody/content/multipart~1form-data/schema/properties/part_1 => /paths/~1v1~1formtest2/post/parameters/0
/paths/~1v1~1formtest2/post/requestBody/content/multipart~1form-data/schema/properties/part_1/description => /paths/~1v1~1formtest2/post/parameters/0
/paths/~1v1~1formtest2/post/requestBody/content/multipart~1form-data/schema/properties/part_1/type => /paths/~1v1~1formtest2/post/parameters/0
/paths/~1v1~1formtest2/post/requestBody/content/multipart~1form-data/schema/properties/part_1/format => /paths/~1v1~1formtest2/post/parameters/0
/paths/~1v1~1formtest2/post/requestBody/content/multipart~1form-data/schema/required => /paths/~1v1~1formtest2/post/parameters/0
/paths/~1v1~1formtest2/post/requestBody/content/multipart~1form-data/schema/properties/part_1/x-file-content-types => /paths/~1v1~1formtest2/post/parameters/0/x-file-content-types
/paths/~1v1~1formtest2/post/requestBody/content/multipart~1form-data/schema/properties/part_1/x-include-filename => /paths/~1v1~1formtest2/post/parameters/0/x-include-filename
/paths/~1v1~1formtest2/post/requestBody/content/multipart~1form-data/schema/properties/part_1/x-alternate-name => /paths/~1v1~1formtest2/post/parameters/0/x-alternate-name
/paths/~1v1~1formtest2/post/requestBody/content/multipart~1form-data/schema/properties/part_2 => /paths/~1v1~1formtest2/post/parameters/1
/paths/~1v1~1formtest2/post/requestBody/content/multipart~1form-data/schema/properties/part_2/description => /paths/~1v1~1formtest2/post/parameters/1
/paths/~1v1~1formtest2/post/requestBody/content/multipart~1form-data/schema/properties/part_2/type => /paths/~1v1~1formtest2/post/parameters/1
/paths/~1v1~1formtest2/post/requestBody/content/multipart~1form-data/schema/properties/part_2/x-alternate-name => /paths/~1v1~1formtest2/post/parameters/1/x-alternate-name
/paths/~1v1~1formtest2/post/responses => /paths/~1v1~1formtest2/post/responses
/paths/~1v1~1formtest2/post/responses/201 => /paths/~1v1~1formtest2/post/responses/201
/paths/~1v1~1formtest2/post/responses/201/description => /paths/~1v1~1formtest2/post/responses/201
/paths/~1v1~1formtest2/post/responses/400 => /paths/~1v1~1formtest2/post/responses/400
/paths/~1v1~1formtest2/post/responses/400/description => /paths/~1v1~1formtest2/post/responses/400
/components/schemas => /definitions
/components/schemas/Person => /definitions/Person
/components/schemas/Person/properties => /definitions/Person/properties
/components/schemas/Person/properties/name => /definitions/Person/properties/name
/components/schemas/Person/properties/name/type => /definitions/Person/properties/name/type
/components/schemas/Person/properties/name/description => /definitions/Person/properties/name/description
/components/schemas/Person/properties/age => /definitions/Person/properties/age
/components/schemas/Person/properties/age/type => /definitions/Person/properties/age/type
/components/schemas/Person/properties/age/description => /definitions/Person/properties/age/description
/components/schemas/Person/required => /definitions/Person/required
/components/schemas/Person/x-test-property => /definitions/Person/x-test-property