/servers => /x-ms-parameterized-host
/servers/0 => /x-ms-parameterized-host
/$schema => /$schema
/openapi => /swagger
/info => /info
/info/x-ms-metadata => /info/x-ms-metadata
/info/title => /info/title
/info/description => /info/description
/info/version => /info/version
/paths => /paths
/components => /parameters/StringParam
/components/parameters => /parameters/StringParam
/components/parameters/StringParam => /parameters/StringParam
/components/parameters/StringParam/name => /parameters/StringParam
/components/parameters/StringParam/in => /parameters/StringParam
/components/parameters/StringParam/description => /parameters/StringParam
/components/parameters/StringParam/required => /parameters/StringParam
/components/parameters/StringParam/x-ms-parameter-location => /parameters/StringParam
/components/parameters/StringParam/schema => /parameters/StringParam
/components/parameters/StringParam/schema/default => /parameters/StringParam
/components/parameters/StringParam/schema/type => /parameters/StringParam
/components/parameters/UrlParam => /parameters/UrlParam
/components/parameters/UrlParam/name => /parameters/UrlParam
/components/parameters/UrlParam/in => /parameters/UrlParam
/components/parameters/UrlParam/description => /parameters/UrlParam
/components/parameters/UrlParam/required => /parameters/UrlParam
/components/parameters/UrlParam/x-ms-parameter-location => /parameters/UrlParam
/components/parameters/UrlParam/schema => /parameters/UrlParam
/components/parameters/UrlParam/schema/default => /parameters/UrlParam
/components/parameters/UrlParam/schema/type => /parameters/UrlParam
/components/parameters/EnumParam => /parameters/EnumParam
/components/parameters/EnumParam/name => /parameters/EnumParam
/components/parameters/EnumParam/in => /parameters/EnumParam
/components/parameters/EnumParam/description => /parameters/EnumParam
/components/parameters/EnumParam/required => /parameters/EnumParam
/components/parameters/EnumParam/x-ms-parameter-location => /parameters/EnumParam
/components/parameters/EnumParam/schema => /parameters/EnumParam
/components/parameters/EnumParam/schema/enum => /parameters/EnumParam
/components/parameters/EnumParam/schema/default => /parameters/EnumParam
/components/parameters/EnumParam/schema/type => /parameters/EnumParam