/components/schemas => /definitions
/components/schemas/MyBodySchema => /definitions/MyBodySchema
/components/schemas/MyBodySchema/type => /definitions/MyBodySchema/type
/components/schemas/MyBodySchema/properties => /definitions/MyBodySchema/properties
/components/schemas/MyBodySchema/properties/url => /definitions/MyBodySchema/properties/url
/components/schemas/MyBodySchema/properties/url/type => /definitions/MyBodySchema/properties/url/type