/openapi => /swagger
/info => /info
/info/version => /info/version
/info/title => /info/title
/info/description => /info/description
/paths => /paths
/paths/~1invalid-response-examples => /paths/~1invalid-response-examples
/paths/~1invalid-response-examples/get => /paths/~1invalid-response-examples/get
/paths/~1invalid-response-examples/get/operationId => /paths/~1invalid-response-examples/get/operationId
/paths/~1invalid-response-examples/get/responses => /paths/~1invalid-response-examples/get/responses
/paths/~1invalid-response-examples/get/responses/200 => /paths/~1invalid-response-examples/get/responses/200
/paths/~1invalid-response-examples/get/responses/200/description => /paths/~1invalid-response-examples/get/responses/200
/paths/~1invalid-response-examples/get/responses/200/content => /paths/~1invalid-response-examples/get/responses/200
/paths/~1invalid-response-examples/get/responses/200/content/application~1json => /paths/~1invalid-response-examples/get/responses/200
/paths/~1invalid-response-examples/get/responses/200/content/application~1json/schema => /paths/~1invalid-response-examples/get/responses/200
/paths/~1invalid-response-examples/get/responses/200/content/application~1json/schema/type => /paths/~1invalid-response-examples/get/responses/200/schema/type
/paths/~1invalid-response-examples/get/responses/200/content/application~1json/examples => /paths/~1invalid-response-examples/get/responses/200
/paths/~1invalid-response-examples/get/responses/200/content/application~1json/examples/response => /paths/~1invalid-response-examples/get/responses/200
/paths/~1invalid-response-examples/get/responses/200/content/text~1json => /paths/~1invalid-response-examples/get/responses/200
/paths/~1invalid-response-examples/get/responses/200/content/text~1json/schema => /paths/~1invalid-response-examples/get/responses/200
/paths/~1invalid-response-examples/get/responses/200/content/text~1json/schema/type => /paths/~1invalid-response-examples/get/responses/200/schema/type
/paths/~1invalid-response-examples/get/responses/200/content/text~1json/examples => /paths/~1invalid-response-examples/get/responses/200
/paths/~1invalid-response-examples/get/responses/200/content/text~1json/examples/response => /paths/~1invalid-response-examples/get/responses/200